19,715 [main] ERROR simulator.SimulatorAdapter.getInputStream() - getInputStream called before load(), stream not available
19,730 [main] ERROR simulator.SimulatorAdapter.getOutputStream() - getOutputStream called before load(), stream not available
19,767 [Read Consist 3] ERROR nce.NceConsist.readWait() - read timeout
19,768 [Read Consist 3] ERROR nce.NceConsist.readConsistMemory() - Time out reading NCE command station consist memory
19,768 [Read Consist 3] ERROR nce.NceConsist.readWait() - read timeout
19,768 [Read Consist 3] ERROR nce.NceConsist.readConsistMemory() - Time out reading NCE command station consist memory
19,841 [main] ERROR nce.NceConsist.setConsistType() - Consist Type Not Supported
20,114 [main] ERROR jmrix.AbstractThrottle.notifyPropertyChangeListener() - notifyPropertyChangeListener without change
20,121 [main] WARN  jmrix.AbstractThrottle.dispose() - Dispose called without knowing the original throttle listener
20,194 [main] WARN  jmrix.AbstractThrottle.release() - Release called without knowing the original throttle listener
20,268 [main] WARN  jmrix.AbstractThrottle.dispatch() - dispatch called without knowing the original throttle listener
21,868 [main] WARN  node.NodeIdentity.copyFormerIdentity() - Unable to copy from a former identity; no former identities found.
23,765 [main] ERROR configurexml.NceTurnoutManagerXml.load() - Invalid method called
24,717 [main] ERROR managers.AbstractTurnoutManager.newTurnout() - Invalid system name for turnout: NT needed NT
57,292 [main] ERROR managers.AbstractReporterManager.newReporter() - Invalid system name for reporter: ZR needed ZR
58,616 [main] ERROR managers.AbstractTurnoutManager.newTurnout() - Invalid system name for turnout: XT needed XT
58,674 [main] ERROR z21.Z21Message.<init>() - invalid length in call to ctor
58,988 [LocoNet transmit handler] WARN  streamport.LnStreamPortPacketizer.run() - sendLocoNetMessage: IOException: java.io.IOException: Read end dead
58,989 [LocoNet transmit handler] WARN  streamport.LnStreamPortPacketizer.run() - sendLocoNetMessage: IOException: java.io.IOException: Read end dead
58,999 [LocoNet transmit handler] WARN  streamport.LnStreamPortPacketizer.run() - sendLocoNetMessage: IOException: java.io.IOException: Read end dead
59,000 [LocoNet transmit handler] WARN  streamport.LnStreamPortPacketizer.run() - sendLocoNetMessage: IOException: java.io.IOException: Read end dead
59,022 [Time-limited test] ERROR jmrix.AbstractThrottle.notifyPropertyChangeListener() - notifyPropertyChangeListener without change
59,026 [Time-limited test] WARN  jmrix.AbstractThrottle.dispose() - Dispose called without knowing the original throttle listener
59,086 [Time-limited test] WARN  jmrix.AbstractThrottle.release() - Release called without knowing the original throttle listener
59,160 [Time-limited test] WARN  jmrix.AbstractThrottle.dispatch() - dispatch called without knowing the original throttle listener
59,488 [LocoNet transmit handler] WARN  streamport.LnStreamPortPacketizer.run() - sendLocoNetMessage: IOException: java.io.IOException: Read end dead
59,500 [LocoNet transmit handler] WARN  streamport.LnStreamPortPacketizer.run() - sendLocoNetMessage: IOException: java.io.IOException: Read end dead
59,899 [main] ERROR managers.AbstractTurnoutManager.newTurnout() - Invalid system name for turnout: OT needed OT
59,988 [LocoNet transmit handler] WARN  streamport.LnStreamPortPacketizer.run() - sendLocoNetMessage: IOException: java.io.IOException: Read end dead
00,000 [LocoNet transmit handler] WARN  streamport.LnStreamPortPacketizer.run() - sendLocoNetMessage: IOException: java.io.IOException: Read end dead
00,005 [main] WARN  oaktree.SerialAddress.validSystemNameFormat() - node address field out of range in system name: OL128B7
00,006 [main] WARN  oaktree.SerialAddress.validSystemNameFormat() - invalid character in number field system name: OL
00,007 [main] WARN  oaktree.SerialAddress.validSystemNameFormat() - no node address before 'B' in system name: OLB2
00,007 [main] ERROR oaktree.SerialAddress.validSystemNameFormat() - invalid character in header field system name: OY2005
00,007 [main] ERROR oaktree.SerialAddress.validSystemNameFormat() - invalid character in header field system name: OY2B5
00,007 [main] WARN  oaktree.SerialAddress.validSystemNameFormat() - bit number not in range 1 - 999 in system name: OL22000
00,007 [main] WARN  oaktree.SerialAddress.validSystemNameFormat() - bit number field out of range in system name: OL22B0
00,007 [main] WARN  oaktree.SerialAddress.validSystemNameFormat() - bit number field out of range in system name: OL2B2049
00,008 [main] WARN  oaktree.SerialAddress.validSystemNameFormat() - bit number not in range 1 - 999 in system name: OL128000
00,008 [main] WARN  oaktree.SerialAddress.validSystemNameFormat() - node address field out of range in system name: OL128B7
00,008 [main] WARN  oaktree.SerialAddress.validSystemNameFormat() - invalid character in number field system name: OL2oo5
00,008 [main] WARN  oaktree.SerialAddress.validSystemNameFormat() - invalid character in node address field of system name: OL2aB5
00,008 [main] WARN  oaktree.SerialAddress.validSystemNameFormat() - invalid character in bit number field of system name: OL2B5x
00,010 [main] WARN  oaktree.SerialAddress.validSystemNameConfig() - invalid system name OL10033; bad bit number
00,010 [main] WARN  oaktree.SerialAddress.validSystemNameConfig() - invalid system name OL10B33; bad bit number
00,011 [main] WARN  oaktree.SerialAddress.validSystemNameConfig() - invalid system name OS10017; bad bit number
00,011 [main] WARN  oaktree.SerialAddress.validSystemNameConfig() - invalid system name OS10B17; bad bit number
00,011 [main] WARN  oaktree.SerialAddress.validSystemNameConfig() - invalid system name OT4017; bad bit number
00,011 [main] WARN  oaktree.SerialAddress.validSystemNameConfig() - invalid system name OT4B17; bad bit number
00,011 [main] WARN  oaktree.SerialAddress.validSystemNameConfig() - invalid system name OS4009; bad bit number
00,012 [main] WARN  oaktree.SerialAddress.validSystemNameConfig() - invalid system name OS4B9; bad bit number
00,012 [main] WARN  oaktree.SerialAddress.validSystemNameConfig() - invalid system name OL11007; no such node
00,012 [main] WARN  oaktree.SerialAddress.validSystemNameConfig() - invalid system name OL11B7; no such node
00,013 [main] WARN  oaktree.SerialAddress.validSystemNameFormat() - node address field out of range in system name: OL128B7
00,015 [main] ERROR oaktree.SerialAddress.getBitFromSystemName() - illegal character in number field of system name: OL29O9
00,024 [main] WARN  jmrix.AbstractMRNodeTrafficController.deleteNode() - Deleting the serial node active in the polling loop
00,167 [main] ERROR secsi.SerialAddress.getBitFromSystemName() - invalid character in header field of system name: VT4
00,168 [main] ERROR secsi.SerialAddress.getBitFromSystemName() - invalid character in header field of system name: VT4
00,169 [main] ERROR secsi.SerialAddress.getBitFromSystemName() - invalid character in header field of system name: VT4
00,169 [main] ERROR secsi.SerialAddress.getNodeFromSystemName() - illegal character in header field of system name: VT4
00,170 [main] ERROR secsi.SerialAddress.getBitFromSystemName() - invalid character in header field of system name: VT4
00,171 [main] ERROR secsi.SerialAddress.getBitFromSystemName() - invalid character in header field of system name: VT4
00,171 [main] ERROR secsi.SerialAddress.getBitFromSystemName() - invalid character in header field of system name: VT4
00,172 [main] ERROR secsi.SerialAddress.getBitFromSystemName() - invalid character in header field of system name: VT4
00,173 [main] ERROR secsi.SerialAddress.getBitFromSystemName() - invalid character in header field of system name: VT4
00,173 [main] ERROR secsi.SerialAddress.getBitFromSystemName() - invalid character in header field of system name: VT4
00,174 [main] ERROR secsi.SerialAddress.getNodeFromSystemName() - illegal character in header field of system name: VT4
00,175 [main] ERROR secsi.SerialAddress.getBitFromSystemName() - invalid character in header field of system name: VT4
00,175 [main] ERROR secsi.SerialAddress.getNodeFromSystemName() - illegal character in header field of system name: VT4
00,176 [main] ERROR secsi.SerialAddress.getBitFromSystemName() - invalid character in header field of system name: VT4
00,176 [main] ERROR secsi.SerialAddress.getBitFromSystemName() - invalid character in header field of system name: VT4
00,177 [main] ERROR secsi.SerialAddress.getBitFromSystemName() - invalid character in header field of system name: VT4
00,178 [main] ERROR secsi.SerialAddress.getNodeFromSystemName() - illegal character in header field of system name: VT4
00,184 [main] ERROR secsi.SerialAddress.validSystemNameFormat() - illegal character in header field system name: VY2005
00,184 [main] ERROR secsi.SerialAddress.validSystemNameFormat() - illegal character in header field system name: VY2B5
00,186 [main] WARN  secsi.SerialAddress.validSystemNameConfig() - VL10033 invalid; bad bit number
00,186 [main] WARN  secsi.SerialAddress.validSystemNameConfig() - VL10B33 invalid; bad format
00,186 [main] WARN  secsi.SerialAddress.validSystemNameConfig() - VS10017 invalid; bad bit number
00,186 [main] WARN  secsi.SerialAddress.validSystemNameConfig() - VS10B17 invalid; bad bit number
00,187 [main] WARN  secsi.SerialAddress.validSystemNameConfig() - VT4117 invalid; bad bit number
00,187 [main] WARN  secsi.SerialAddress.validSystemNameConfig() - VT4B117 invalid; bad format
00,187 [main] WARN  secsi.SerialAddress.validSystemNameConfig() - VS4017 invalid; bad bit number
00,187 [main] WARN  secsi.SerialAddress.validSystemNameConfig() - VS4B19 invalid; bad bit number
00,187 [main] WARN  secsi.SerialAddress.validSystemNameConfig() - VL11007 invalid; no such node
00,187 [main] WARN  secsi.SerialAddress.validSystemNameConfig() - VL11B7 invalid; no such node
00,190 [main] ERROR secsi.SerialAddress.getBitFromSystemName() - invalid character in number field of system name: VL29O9
00,255 [main] ERROR managers.AbstractTurnoutManager.newTurnout() - Invalid system name for turnout: VT needed VT
00,488 [LocoNet transmit handler] WARN  streamport.LnStreamPortPacketizer.run() - sendLocoNetMessage: IOException: java.io.IOException: Read end dead
00,500 [LocoNet transmit handler] WARN  streamport.LnStreamPortPacketizer.run() - sendLocoNetMessage: IOException: java.io.IOException: Read end dead
00,988 [LocoNet transmit handler] WARN  streamport.LnStreamPortPacketizer.run() - sendLocoNetMessage: IOException: java.io.IOException: Read end dead
01,000 [LocoNet transmit handler] WARN  streamport.LnStreamPortPacketizer.run() - sendLocoNetMessage: IOException: java.io.IOException: Read end dead
01,488 [LocoNet transmit handler] WARN  streamport.LnStreamPortPacketizer.run() - sendLocoNetMessage: IOException: java.io.IOException: Read end dead
01,500 [LocoNet transmit handler] WARN  streamport.LnStreamPortPacketizer.run() - sendLocoNetMessage: IOException: java.io.IOException: Read end dead
01,989 [LocoNet transmit handler] WARN  streamport.LnStreamPortPacketizer.run() - sendLocoNetMessage: IOException: java.io.IOException: Read end dead
02,000 [LocoNet transmit handler] WARN  streamport.LnStreamPortPacketizer.run() - sendLocoNetMessage: IOException: java.io.IOException: Read end dead
02,489 [LocoNet transmit handler] WARN  streamport.LnStreamPortPacketizer.run() - sendLocoNetMessage: IOException: java.io.IOException: Read end dead
02,501 [LocoNet transmit handler] WARN  streamport.LnStreamPortPacketizer.run() - sendLocoNetMessage: IOException: java.io.IOException: Read end dead
07,320 [main] ERROR jmrit.Sound.playSoundBuffer() - error opening line: javax.sound.sampled.LineUnavailableException
14,590 [main] ERROR managers.AbstractTurnoutManager.newTurnout() - Invalid system name for turnout: LT needed LT
17,542 [main] ERROR managers.AbstractReporterManager.newReporter() - Invalid system name for reporter: LR needed LR
17,583 [main] WARN  loconet.CsOpSwAccess.updateOpSwVal() - Cannot program OpSw56 account LocoNet encoding limitations.
17,584 [main] WARN  loconet.CsOpSwAccess.writeCsOpSw() - Cannot perform Cs OpSw access: parts.length=2, parts[]=[csOpSw, 129], val=1
17,590 [main] WARN  loconet.CsOpSwAccess.readCmdStationOpSw() - Cannot perform Cs OpSw access of OpSw 65 account out-of-range for this command station.
17,593 [main] WARN  loconet.CsOpSwAccess.readCsOpSw() - Cannot perform Cs OpSw access: parts.length=2, parts[]=[csOpSw, 0]
17,593 [main] WARN  loconet.CsOpSwAccess.readCsOpSw() - Cannot perform Cs OpSw access: parts.length=2, parts[]=[csOpSw, -1]
17,593 [main] WARN  loconet.CsOpSwAccess.readCsOpSw() - Cannot perform Cs OpSw access: parts.length=1, parts[]=[cs]
17,597 [main] WARN  loconet.CsOpSwAccess.updateOpSwVal() - Cannot program OpSw56 account LocoNet encoding limitations.
18,103 [main] WARN  loconet.CsOpSwAccess.writeCsOpSw() - Cannot perform Cs OpSw access: parts.length=2, parts[]=[csOpSw, 0], val=1
18,103 [main] WARN  loconet.CsOpSwAccess.writeCsOpSw() - Cannot perform Cs OpSw access: parts.length=2, parts[]=[csOpSw, -1], val=0
18,104 [main] WARN  loconet.CsOpSwAccess.writeCsOpSw() - Cannot perform Cs OpSw access: parts.length=1, parts[]=[cs], val=1
18,104 [main] WARN  loconet.CsOpSwAccess.writeCsOpSw() - Cannot perform Cs OpSw access: parts.length=2, parts[]=[csOpSw, 1], val=-1
18,104 [main] WARN  loconet.CsOpSwAccess.writeCsOpSw() - Cannot perform Cs OpSw access: parts.length=2, parts[]=[csOpSw, 1], val=2
18,371 [main] WARN  locoio.LocoIOPanel.addrSet() - Address must be [1..126], was 308
20,092 [main] WARN  loconet.SlotManager.sendPacket() - Ops Mode Accessory Packet 'Send count' reduced from 9 to 8.
20,093 [main] WARN  loconet.SlotManager.sendPacket() - Ops Mode Accessory Packet 'Send count' of 0 is illegal and is forced to 1.
20,093 [main] WARN  loconet.SlotManager.sendPacket() - Ops Mode Accessory Packet 'Send count' of -1 is illegal and is forced to 1.
22,848 [main] WARN  jmrix.AbstractThrottle.release() - Release called without knowing the original throttle listener
22,886 [main] WARN  jmrix.AbstractThrottle.dispatch() - dispatch called without knowing the original throttle listener
22,964 [main] ERROR jmrix.AbstractThrottle.notifyPropertyChangeListener() - notifyPropertyChangeListener without change
22,969 [main] WARN  jmrix.AbstractThrottle.dispose() - Dispose called without knowing the original throttle listener
23,293 [main] ERROR jmrix.AbstractThrottle.notifyPropertyChangeListener() - notifyPropertyChangeListener without change
23,297 [main] WARN  jmrix.AbstractThrottle.dispose() - Dispose called without knowing the original throttle listener
23,352 [main] WARN  jmrix.AbstractThrottle.release() - Release called without knowing the original throttle listener
23,419 [main] WARN  jmrix.AbstractThrottle.dispatch() - dispatch called without knowing the original throttle listener
23,598 [main] ERROR jmrix.AbstractThrottle.notifyPropertyChangeListener() - notifyPropertyChangeListener without change
23,602 [main] WARN  jmrix.AbstractThrottle.dispose() - Dispose called without knowing the original throttle listener
23,647 [main] WARN  jmrix.AbstractThrottle.release() - Release called without knowing the original throttle listener
23,712 [main] WARN  jmrix.AbstractThrottle.dispatch() - dispatch called without knowing the original throttle listener
23,805 [main] ERROR loconet.LnThrottleManagerTest.notifyThrottleFound() - created a throttle
23,806 [main] ERROR loconet.LnThrottleManagerTest.notifyThrottleFound() - created a throttle2
23,811 [main] ERROR loconet.LnThrottleManagerTest.notifyThrottleFound() - created a throttle
23,812 [main] ERROR loconet.LnThrottleManagerTest.notifyThrottleFound() - created a throttle2
23,856 [main] ERROR loconet.LnThrottleManagerTest.notifyThrottleFound() - created a throttle
23,856 [main] ERROR loconet.LnThrottleManagerTest.notifyThrottleFound() - created a throttle2
23,857 [main] ERROR loconet.LnThrottleManagerTest.notifyThrottleFound() - created a throttle3
23,863 [main] WARN  loconet.LnThrottleManager.notifyChangedSlot() - slot 11 address 262 is already in-use.
23,863 [main] WARN  loconet.LnThrottleManager.stealThrottleRequest() - user agreed to steal address 262, but no code is in-place to handle the 'steal' (yet)
23,864 [main] ERROR loconet.LnThrottleManagerTest.notifyThrottleFound() - created a throttle
23,864 [main] ERROR loconet.LnThrottleManagerTest.notifyThrottleFound() - created a throttle2
23,869 [main] ERROR loconet.LnThrottleManagerTest.notifyThrottleFound() - created a throttle
23,877 [main] ERROR loconet.LnThrottleManagerTest.notifyThrottleFound() - created a throttle
23,882 [main] ERROR loconet.LnThrottleManagerTest.notifyThrottleFound() - created a throttle
23,929 [main] WARN  loconet.LnThrottleManager.notifyChangedSlot() - slot 17 address 129 is already in-use.
23,929 [main] WARN  jmrix.AbstractThrottleManager.failedThrottleRequest() - failedThrottleRequest with zero-length listeners: 129(L)
23,929 [main] ERROR loconet.LnThrottleManagerTest.notifyStealThrottleRequired() - 1: Got a steal request
23,934 [main] WARN  loconet.LnThrottleManager.notifyChangedSlot() - slot 12 address 5 is already in-use.
23,934 [main] WARN  jmrix.AbstractThrottleManager.failedThrottleRequest() - failedThrottleRequest with zero-length listeners: 5(S)
23,935 [main] ERROR loconet.LnThrottleManagerTest.notifyStealThrottleRequired() - 2: Got a steal request
23,939 [main] WARN  loconet.LnThrottleManager.notifyChangedSlot() - slot 96 address 85 is already in-use.
23,939 [main] WARN  jmrix.AbstractThrottleManager.failedThrottleRequest() - failedThrottleRequest with zero-length listeners: 85(S)
23,939 [main] ERROR loconet.LnThrottleManagerTest.notifyStealThrottleRequired() - 3: Got a steal request
23,944 [main] WARN  loconet.LnThrottleManager.notifyChangedSlot() - slot 8 address 256 is already in-use.
23,944 [main] WARN  loconet.LnThrottleManager.stealThrottleRequest() - user agreed to steal address 256, but no code is in-place to handle the 'steal' (yet)
23,944 [main] ERROR loconet.LnThrottleManagerTest.notifyThrottleFound() - created a throttle
23,949 [main] ERROR loconet.LnThrottleManagerTest.notifyThrottleFound() - created a throttle
23,953 [main] ERROR loconet.LnThrottleManagerTest.notifyThrottleFound() - created a throttle
24,131 [main] ERROR jmrix.AbstractThrottle.notifyPropertyChangeListener() - notifyPropertyChangeListener without change
24,135 [main] WARN  jmrix.AbstractThrottle.dispose() - Dispose called without knowing the original throttle listener
24,184 [main] WARN  jmrix.AbstractThrottle.release() - Release called without knowing the original throttle listener
24,248 [main] WARN  jmrix.AbstractThrottle.dispatch() - dispatch called without knowing the original throttle listener
24,429 [main] WARN  direct.TrafficController.sendPacket() - Only single transmissions currently available
24,430 [main] WARN  direct.TrafficController.sendPacket() - Only single transmissions currently available
24,432 [main] WARN  direct.TrafficController.sendPacket() - Only single transmissions currently available
24,433 [main] WARN  direct.TrafficController.sendPacket() - Only single transmissions currently available
24,434 [main] WARN  direct.TrafficController.sendPacket() - Only single transmissions currently available
24,435 [main] WARN  direct.TrafficController.sendPacket() - Only single transmissions currently available
24,436 [main] WARN  direct.TrafficController.sendPacket() - Only single transmissions currently available
24,438 [main] WARN  direct.TrafficController.sendPacket() - Only single transmissions currently available
24,439 [main] WARN  direct.TrafficController.sendPacket() - Only single transmissions currently available
24,440 [main] WARN  direct.TrafficController.sendPacket() - Only single transmissions currently available
24,441 [main] WARN  direct.TrafficController.sendPacket() - Only single transmissions currently available
24,442 [main] WARN  direct.TrafficController.sendPacket() - Only single transmissions currently available
24,444 [main] WARN  direct.TrafficController.sendPacket() - Only single transmissions currently available
24,445 [main] WARN  direct.TrafficController.sendPacket() - Only single transmissions currently available
24,447 [main] WARN  direct.TrafficController.sendPacket() - Only single transmissions currently available
24,448 [main] WARN  direct.TrafficController.sendPacket() - Only single transmissions currently available
24,485 [main] ERROR jmrix.AbstractThrottle.notifyPropertyChangeListener() - notifyPropertyChangeListener without change
24,487 [main] WARN  jmrix.AbstractThrottle.dispose() - Dispose called without knowing the original throttle listener
24,510 [main] WARN  jmrix.AbstractThrottle.release() - Release called without knowing the original throttle listener
24,541 [main] WARN  jmrix.AbstractThrottle.dispatch() - dispatch called without knowing the original throttle listener
24,807 [main] ERROR managers.AbstractReporterManager.newReporter() - Invalid system name for reporter: MR needed MR
24,993 [main] ERROR jmrix.AbstractThrottle.notifyPropertyChangeListener() - notifyPropertyChangeListener without change
24,996 [main] WARN  jmrix.AbstractThrottle.dispose() - Dispose called without knowing the original throttle listener
25,037 [main] WARN  jmrix.AbstractThrottle.release() - Release called without knowing the original throttle listener
25,097 [main] WARN  jmrix.AbstractThrottle.dispatch() - dispatch called without knowing the original throttle listener
25,445 [main] ERROR managers.AbstractTurnoutManager.newTurnout() - Invalid system name for turnout: JT needed JT
25,466 [main] ERROR managers.AbstractReporterManager.newReporter() - Invalid system name for reporter: JR needed JR
29,030 [main] ERROR managers.AbstractReporterManager.newReporter() - Invalid system name for reporter: RR needed RR
29,107 [main] ERROR managers.AbstractReporterManager.newReporter() - Invalid system name for reporter: RR needed RR
29,233 [main] ERROR managers.AbstractReporterManager.newReporter() - Invalid system name for reporter: RR needed RR
49,471 [main] WARN  can.CanInterface.dispose() - Pool did not terminate
13,215 [main] ERROR managers.AbstractTurnoutManager.newTurnout() - Invalid system name for turnout: MT needed MT
51,054 [main] ERROR jmrix.AbstractThrottle.notifyPropertyChangeListener() - notifyPropertyChangeListener without change
51,054 [main] WARN  jmrix.AbstractThrottle.dispose() - Dispose called without knowing the original throttle listener
51,064 [main] WARN  jmrix.AbstractThrottle.release() - Release called without knowing the original throttle listener
51,073 [main] WARN  jmrix.AbstractThrottle.dispatch() - dispatch called without knowing the original throttle listener
52,557 [main] ERROR managers.AbstractReporterManager.newReporter() - Invalid system name for reporter: UR needed UR
56,300 [main] ERROR jmrix.AbstractThrottle.notifyPropertyChangeListener() - notifyPropertyChangeListener without change
56,373 [main] WARN  jmrix.AbstractThrottle.dispose() - Dispose called without knowing the original throttle listener
57,208 [main] WARN  jmrix.AbstractThrottle.release() - Release called without knowing the original throttle listener
58,614 [main] WARN  jmrix.AbstractThrottle.dispatch() - dispatch called without knowing the original throttle listener
59,387 [main] ERROR managers.AbstractTurnoutManager.newTurnout() - Invalid system name for turnout: UT needed UT
59,680 [main] WARN  grapevine.SerialAddress.validSystemNameConfig() - invalid system name GS10B547; bad input bit number 547 > 224
59,681 [main] WARN  grapevine.SerialAddress.validSystemNameConfig() - invalid system name GS4B309; bad input bit number 309 > 224
59,681 [main] WARN  grapevine.SerialAddress.validSystemNameConfig() - invalid system name GL11107; no such node
59,681 [main] WARN  grapevine.SerialAddress.validSystemNameConfig() - invalid system name GL11B107; no such node
59,686 [main] ERROR grapevine.SerialAddress.getBitFromSystemName() - illegal system name format: GL29O9
59,825 [main] WARN  grapevine.SerialTrafficController.doNextStep() - 1st byte not address: 1
59,826 [main] WARN  grapevine.SerialTrafficController.doNextStep() - 2nd byte HOB set: 129, going to state 1
59,827 [main] WARN  grapevine.SerialTrafficController.doNextStep() - addresses don't match: 128, 1. going to state 1
59,829 [main] WARN  grapevine.SerialTrafficController.doNextStep() - 3rd byte HOB set: 129, going to state 1
59,830 [main] WARN  grapevine.SerialTrafficController.doNextStep() - parity mismatch: 18, going to state 2 with content 129, 32
59,831 [main] WARN  grapevine.SerialTrafficController.doNextStep() - 1st byte not address: 12
59,832 [main] WARN  grapevine.SerialTrafficController.doNextStep() - 2nd byte HOB set: 129, going to state 1
59,833 [main] WARN  grapevine.SerialTrafficController.doNextStep() - addresses don't match: 128, 129. going to state 1
59,834 [main] WARN  grapevine.SerialTrafficController.doNextStep() - parity mismatch: 25, going to state 2 with content 129, 90
59,836 [main] WARN  jmrix.AbstractMRNodeTrafficController.deleteNode() - Deleting the serial node active in the polling loop
59,866 [main] ERROR managers.AbstractTurnoutManager.newTurnout() - Invalid system name for turnout: GT needed GT
01,456 [main] WARN  powerline.SerialAddress.validSystemNameFormat() - address did not match any valid forms: PL2
01,457 [main] WARN  powerline.SerialAddress.validSystemNameFormat() - address did not match any valid forms: PL0B2
01,457 [main] WARN  powerline.SerialAddress.validSystemNameFormat() - address did not match any valid forms: PL
01,457 [main] ERROR powerline.SerialAddress.validSystemNameFormat() - invalid character in header field system name: PY2005
01,457 [main] ERROR powerline.SerialAddress.validSystemNameFormat() - invalid character in header field system name: PY2B5
01,457 [main] WARN  powerline.SerialAddress.validSystemNameFormat() - address did not match any valid forms: PL22001
01,457 [main] WARN  powerline.SerialAddress.validSystemNameFormat() - address did not match any valid forms: PL22B1
01,458 [main] WARN  powerline.SerialAddress.validSystemNameFormat() - address did not match any valid forms: PL22000
01,458 [main] WARN  powerline.SerialAddress.validSystemNameFormat() - address did not match any valid forms: PL22B0
01,458 [main] WARN  powerline.SerialAddress.validSystemNameFormat() - address did not match any valid forms: PL2999
01,458 [main] WARN  powerline.SerialAddress.validSystemNameFormat() - address did not match any valid forms: PL2B2048
01,458 [main] WARN  powerline.SerialAddress.validSystemNameFormat() - address did not match any valid forms: PL2B2049
01,458 [main] WARN  powerline.SerialAddress.validSystemNameFormat() - address did not match any valid forms: PL2B33
01,458 [main] WARN  powerline.SerialAddress.validSystemNameFormat() - address did not match any valid forms: PL127032
01,459 [main] WARN  powerline.SerialAddress.validSystemNameFormat() - address did not match any valid forms: PL127001
01,459 [main] WARN  powerline.SerialAddress.validSystemNameFormat() - address did not match any valid forms: PL127000
01,459 [main] WARN  powerline.SerialAddress.validSystemNameFormat() - address did not match any valid forms: PL127B7
01,459 [main] WARN  powerline.SerialAddress.validSystemNameFormat() - address did not match any valid forms: PL128B7
01,459 [main] WARN  powerline.SerialAddress.validSystemNameFormat() - address did not match any valid forms: PL2oo5
01,459 [main] WARN  powerline.SerialAddress.validSystemNameFormat() - address did not match any valid forms: PL2aB5
01,460 [main] WARN  powerline.SerialAddress.validSystemNameFormat() - address did not match any valid forms: PL2B5x
01,464 [main] WARN  powerline.SerialAddress.validSystemNameFormat() - address did not match any valid forms: PL4007
01,465 [main] WARN  powerline.SerialAddress.validSystemNameConfig() - PL4007 invalid; bad format
01,465 [main] WARN  powerline.SerialAddress.validSystemNameFormat() - address did not match any valid forms: PL10033
01,465 [main] WARN  powerline.SerialAddress.validSystemNameConfig() - PL10033 invalid; bad format
01,630 [main] ERROR managers.AbstractTurnoutManager.newTurnout() - Invalid system name for turnout: PT needed PT
01,826 [main] ERROR rps.Ash1_1Algorithm.convert() - Mismatch: 4 readings, 5 receivers
01,829 [main] ERROR rps.Ash1_1Algorithm.convert() - Mismatch: 3 readings, 4 receivers
01,830 [main] ERROR rps.Ash1_1Algorithm.convert() - Mismatch: 3 readings, 4 receivers
01,831 [main] ERROR rps.Ash1_1Algorithm.convert() - Mismatch: 3 readings, 4 receivers
02,063 [main] ERROR rps.Ash1_0Algorithm.convert() - Mismatch: 4 readings, 5 receivers
02,064 [main] ERROR rps.Ash1_0Algorithm.convert() - Mismatch: 3 readings, 4 receivers
02,065 [main] ERROR rps.Ash1_0Algorithm.convert() - Mismatch: 3 readings, 4 receivers
02,595 [main] ERROR managers.AbstractTurnoutManager.newTurnout() - Invalid system name for turnout: AT needed AT
07,068 [main] ERROR jmrix.AbstractThrottle.notifyPropertyChangeListener() - notifyPropertyChangeListener without change
07,070 [main] WARN  jmrix.AbstractThrottle.dispose() - Dispose called without knowing the original throttle listener
07,105 [main] WARN  jmrix.AbstractThrottle.release() - Release called without knowing the original throttle listener
07,149 [main] WARN  jmrix.AbstractThrottle.dispatch() - dispatch called without knowing the original throttle listener
07,182 [main] ERROR managers.AbstractTurnoutManager.newTurnout() - Invalid system name for turnout: XT needed XT
10,923 [Time-limited test] ERROR lenz.XNetThrottle.message() - Unsupported Command Sent to command station
10,923 [Time-limited test] ERROR lenz.XNetThrottle.message() - Unsupported Command Sent to command station
10,929 [Time-limited test] ERROR lenz.XNetThrottle.message() - Unsupported Command Sent to command station
10,929 [Time-limited test] ERROR lenz.XNetThrottle.message() - Unsupported Command Sent to command station
10,932 [Time-limited test] ERROR lenz.XNetThrottle.message() - Unsupported Command Sent to command station
10,932 [Time-limited test] ERROR lenz.XNetThrottle.message() - Unsupported Command Sent to command station
10,934 [Time-limited test] ERROR lenz.XNetThrottle.message() - Unsupported Command Sent to command station
10,987 [Time-limited test] ERROR lenz.XNetThrottle.message() - Unsupported Command Sent to command station
10,988 [Time-limited test] ERROR lenz.XNetThrottle.message() - Unsupported Command Sent to command station
10,990 [Time-limited test] ERROR lenz.XNetThrottle.message() - Unsupported Command Sent to command station
10,990 [Time-limited test] ERROR lenz.XNetThrottle.message() - Unsupported Command Sent to command station
10,993 [Time-limited test] ERROR lenz.XNetThrottle.message() - Unsupported Command Sent to command station
10,993 [Time-limited test] ERROR lenz.XNetThrottle.message() - Unsupported Command Sent to command station
10,995 [Time-limited test] ERROR lenz.XNetThrottle.message() - Unsupported Command Sent to command station
10,995 [Time-limited test] ERROR lenz.XNetThrottle.message() - Unsupported Command Sent to command station
10,998 [Time-limited test] ERROR lenz.XNetThrottle.message() - Unsupported Command Sent to command station
10,998 [Time-limited test] ERROR lenz.XNetThrottle.message() - Unsupported Command Sent to command station
11,026 [Time-limited test] ERROR lenz.XNetThrottle.message() - Unsupported Command Sent to command station
11,026 [Time-limited test] ERROR lenz.XNetThrottle.message() - Unsupported Command Sent to command station
11,029 [Time-limited test] ERROR lenz.XNetThrottle.message() - Unsupported Command Sent to command station
11,029 [Time-limited test] ERROR lenz.XNetThrottle.message() - Unsupported Command Sent to command station
11,032 [Time-limited test] ERROR lenz.XNetThrottle.message() - Unsupported Command Sent to command station
11,032 [Time-limited test] ERROR lenz.XNetThrottle.message() - Unsupported Command Sent to command station
11,036 [Time-limited test] ERROR lenz.XNetThrottle.message() - Unsupported Command Sent to command station
11,036 [Time-limited test] ERROR lenz.XNetThrottle.message() - Unsupported Command Sent to command station
11,039 [Time-limited test] ERROR lenz.XNetThrottle.message() - Unsupported Command Sent to command station
11,039 [Time-limited test] ERROR lenz.XNetThrottle.message() - Unsupported Command Sent to command station
11,042 [Time-limited test] ERROR lenz.XNetThrottle.message() - Unsupported Command Sent to command station
11,042 [Time-limited test] ERROR lenz.XNetThrottle.message() - Unsupported Command Sent to command station
11,045 [Time-limited test] ERROR lenz.XNetThrottle.message() - Unsupported Command Sent to command station
11,046 [Time-limited test] ERROR lenz.XNetThrottle.message() - Unsupported Command Sent to command station
11,050 [Time-limited test] ERROR lenz.XNetThrottle.message() - Unsupported Command Sent to command station
11,050 [Time-limited test] ERROR lenz.XNetThrottle.message() - Unsupported Command Sent to command station
11,052 [Time-limited test] ERROR lenz.XNetThrottle.message() - Unsupported Command Sent to command station
11,052 [Time-limited test] ERROR lenz.XNetThrottle.message() - Unsupported Command Sent to command station
11,055 [Time-limited test] ERROR lenz.XNetThrottle.message() - Unsupported Command Sent to command station
11,055 [Time-limited test] ERROR lenz.XNetThrottle.message() - Unsupported Command Sent to command station
11,058 [Time-limited test] ERROR lenz.XNetThrottle.message() - Unsupported Command Sent to command station
11,058 [Time-limited test] ERROR lenz.XNetThrottle.message() - Unsupported Command Sent to command station
11,060 [Time-limited test] ERROR lenz.XNetThrottle.message() - Unsupported Command Sent to command station
11,060 [Time-limited test] ERROR lenz.XNetThrottle.message() - Unsupported Command Sent to command station
11,063 [Time-limited test] ERROR lenz.XNetThrottle.message() - Unsupported Command Sent to command station
11,063 [Time-limited test] ERROR lenz.XNetThrottle.message() - Unsupported Command Sent to command station
11,066 [Time-limited test] ERROR lenz.XNetThrottle.message() - Unsupported Command Sent to command station
11,066 [Time-limited test] ERROR lenz.XNetThrottle.message() - Unsupported Command Sent to command station
11,068 [Time-limited test] ERROR lenz.XNetThrottle.message() - Unsupported Command Sent to command station
11,068 [Time-limited test] ERROR lenz.XNetThrottle.message() - Unsupported Command Sent to command station
11,071 [Time-limited test] ERROR lenz.XNetThrottle.message() - Unsupported Command Sent to command station
11,071 [Time-limited test] ERROR lenz.XNetThrottle.message() - Unsupported Command Sent to command station
11,074 [Time-limited test] ERROR lenz.XNetThrottle.message() - Unsupported Command Sent to command station
11,076 [Time-limited test] ERROR lenz.XNetThrottle.message() - Unsupported Command Sent to command station
11,127 [Time-limited test] ERROR lenz.XNetThrottle.message() - Unsupported Command Sent to command station
11,127 [Time-limited test] ERROR lenz.XNetThrottle.message() - Unsupported Command Sent to command station
11,200 [Time-limited test] ERROR jmrix.AbstractThrottle.notifyPropertyChangeListener() - notifyPropertyChangeListener without change
11,204 [Time-limited test] WARN  jmrix.AbstractThrottle.dispose() - Dispose called without knowing the original throttle listener
11,260 [Time-limited test] WARN  jmrix.AbstractThrottle.release() - Release called without knowing the original throttle listener
11,362 [Time-limited test] WARN  jmrix.AbstractThrottle.dispatch() - dispatch called without knowing the original throttle listener
12,616 [main] WARN  li100.LI100XNetInitializationManager.init() - Command Station disconnected, or powered down assuming LZ100/LZV100 V3.x
18,626 [main] WARN  lenz.XNetInitializationManager.init() - Command Station disconnected, or powered down assuming LZ100/LZV100 V3.x
18,664 [main] ERROR lenz.LenzCommandStation.sendPacket() - Send Packet Called without setting traffic controller
18,682 [main] ERROR managers.AbstractTurnoutManager.newTurnout() - Invalid system name for turnout: XT needed XT
18,705 [main] ERROR lenz.XNetMessage.getTurnoutCommandMsg() - XpressNet turnout logic can't handle both THROWN and CLOSED yet
18,706 [main] ERROR lenz.XNetMessage.<init>() - Invalid length in ctor: 21
18,706 [main] ERROR jmrix.AbstractMRMessage.<init>() - invalid length -21 in call to ctor
18,708 [main] ERROR lenz.XNetMessage.getWriteRegisterMsg() - register number too large: 10
18,715 [main] ERROR lenz.XNetMessage.getReadRegisterMsg() - register number too large: 10
18,747 [main] ERROR lenz.XNetMessage.setOpCode() - Opcode invalid: 21
18,748 [main] ERROR lenz.XNetMessage.setOpCode() - Opcode invalid: -21
23,630 [main] ERROR jmrix.AbstractThrottle.notifyPropertyChangeListener() - notifyPropertyChangeListener without change
23,635 [main] WARN  jmrix.AbstractThrottle.dispose() - Dispose called without knowing the original throttle listener
23,698 [main] WARN  jmrix.AbstractThrottle.release() - Release called without knowing the original throttle listener
23,775 [main] WARN  jmrix.AbstractThrottle.dispatch() - dispatch called without knowing the original throttle listener
24,322 [main] ERROR jmrix.AbstractThrottle.notifyPropertyChangeListener() - notifyPropertyChangeListener without change
24,325 [main] WARN  jmrix.AbstractThrottle.dispose() - Dispose called without knowing the original throttle listener
24,372 [main] WARN  jmrix.AbstractThrottle.release() - Release called without knowing the original throttle listener
24,449 [main] WARN  jmrix.AbstractThrottle.dispatch() - dispatch called without knowing the original throttle listener
24,538 [main] ERROR srcp.SRCPReply.value() - Unable to get number from reply: "12345678910 100 OK REASON GOES HERE
"
24,650 [main] ERROR managers.AbstractTurnoutManager.newTurnout() - Invalid system name for turnout: A1T needed A1T
26,896 [main] ERROR jmrix.AbstractThrottle.notifyPropertyChangeListener() - notifyPropertyChangeListener without change
26,899 [main] WARN  jmrix.AbstractThrottle.dispose() - Dispose called without knowing the original throttle listener
26,931 [main] ERROR jmrix.AbstractThrottle.sendFunctionGroup4() - Can't send F13-F20 since no command station defined
26,933 [main] ERROR jmrix.AbstractThrottle.sendFunctionGroup5() - Can't send F21-F28 since no command station defined
26,940 [main] WARN  jmrix.AbstractThrottle.release() - Release called without knowing the original throttle listener
26,984 [main] ERROR jmrix.AbstractThrottle.sendFunctionGroup4() - Can't send F13-F20 since no command station defined
26,986 [main] ERROR jmrix.AbstractThrottle.sendFunctionGroup4() - Can't send F13-F20 since no command station defined
26,987 [main] ERROR jmrix.AbstractThrottle.sendFunctionGroup4() - Can't send F13-F20 since no command station defined
26,989 [main] ERROR jmrix.AbstractThrottle.sendFunctionGroup4() - Can't send F13-F20 since no command station defined
26,990 [main] ERROR jmrix.AbstractThrottle.sendFunctionGroup4() - Can't send F13-F20 since no command station defined
26,992 [main] ERROR jmrix.AbstractThrottle.sendFunctionGroup4() - Can't send F13-F20 since no command station defined
26,993 [main] ERROR jmrix.AbstractThrottle.sendFunctionGroup4() - Can't send F13-F20 since no command station defined
26,995 [main] ERROR jmrix.AbstractThrottle.sendFunctionGroup4() - Can't send F13-F20 since no command station defined
26,996 [main] ERROR jmrix.AbstractThrottle.sendFunctionGroup5() - Can't send F21-F28 since no command station defined
26,998 [main] ERROR jmrix.AbstractThrottle.sendFunctionGroup5() - Can't send F21-F28 since no command station defined
26,999 [main] ERROR jmrix.AbstractThrottle.sendFunctionGroup5() - Can't send F21-F28 since no command station defined
27,001 [main] ERROR jmrix.AbstractThrottle.sendFunctionGroup5() - Can't send F21-F28 since no command station defined
27,002 [main] ERROR jmrix.AbstractThrottle.sendFunctionGroup5() - Can't send F21-F28 since no command station defined
27,004 [main] ERROR jmrix.AbstractThrottle.sendFunctionGroup5() - Can't send F21-F28 since no command station defined
27,005 [main] ERROR jmrix.AbstractThrottle.sendFunctionGroup5() - Can't send F21-F28 since no command station defined
27,007 [main] ERROR jmrix.AbstractThrottle.sendFunctionGroup5() - Can't send F21-F28 since no command station defined
27,011 [main] WARN  jmrix.AbstractThrottle.dispatch() - dispatch called without knowing the original throttle listener
27,131 [main] ERROR managers.AbstractTurnoutManager.newTurnout() - Invalid system name for turnout: ET needed ET
27,263 [main] WARN  tmcc.SerialAddress.validSystemNameFormat() - node address field out of range in system name: TL128B7
27,264 [main] WARN  tmcc.SerialAddress.validSystemNameFormat() - invalid character in number field system name: TL
27,265 [main] WARN  tmcc.SerialAddress.validSystemNameFormat() - no node address before 'B' in system name: TLB2
27,265 [main] ERROR tmcc.SerialAddress.validSystemNameFormat() - invalid character in header field of system name: TY2005
27,265 [main] ERROR tmcc.SerialAddress.validSystemNameFormat() - invalid character in header field of system name: TY2B5
27,265 [main] WARN  tmcc.SerialAddress.validSystemNameFormat() - bit number not in range 1 - 999 in system name: TL22000
27,265 [main] WARN  tmcc.SerialAddress.validSystemNameFormat() - bit number field out of range in system name: TL22B0
27,265 [main] WARN  tmcc.SerialAddress.validSystemNameFormat() - bit number field out of range in system name: TL2B2049
27,265 [main] WARN  tmcc.SerialAddress.validSystemNameFormat() - number field out of range in system name: TL128000
27,266 [main] WARN  tmcc.SerialAddress.validSystemNameFormat() - node address field out of range in system name: TL128B7
27,266 [main] WARN  tmcc.SerialAddress.validSystemNameFormat() - invalid character in number field system name: TL2oo5
27,266 [main] WARN  tmcc.SerialAddress.validSystemNameFormat() - invalid character in node address field of system name: TL2aB5
27,266 [main] WARN  tmcc.SerialAddress.validSystemNameFormat() - invalid character in bit number field of system name: TL2B5x
27,269 [main] WARN  tmcc.SerialAddress.validSystemNameFormat() - node address field out of range in system name: TL128B7
27,270 [main] WARN  tmcc.SerialAddress.getBitFromSystemName() - invalid character in number field of system name: TL29O9
27,285 [main] ERROR managers.AbstractTurnoutManager.newTurnout() - Invalid system name for turnout: TT needed TT
27,428 [main] WARN  tmcc.SerialTrafficController.loadChars() - return short message as 1st byte is 240
27,630 [main] ERROR jmrix.AbstractThrottle.notifyPropertyChangeListener() - notifyPropertyChangeListener without change
27,633 [main] WARN  jmrix.AbstractThrottle.dispose() - Dispose called without knowing the original throttle listener
27,666 [main] ERROR jmrix.AbstractThrottle.sendFunctionGroup1() - sendFunctionGroup1 needs to be implemented if invoked
27,667 [main] ERROR jmrix.AbstractThrottle.sendFunctionGroup2() - sendFunctionGroup2 needs to be implemented if invoked
27,668 [main] ERROR jmrix.AbstractThrottle.sendFunctionGroup3() - sendFunctionGroup3 needs to be implemented if invoked
27,669 [main] ERROR jmrix.AbstractThrottle.sendFunctionGroup4() - Can't send F13-F20 since no command station defined
27,670 [main] ERROR jmrix.AbstractThrottle.sendFunctionGroup5() - Can't send F21-F28 since no command station defined
27,676 [main] WARN  jmrix.AbstractThrottle.release() - Release called without knowing the original throttle listener
27,716 [main] ERROR jmrix.AbstractThrottle.sendFunctionGroup5() - Can't send F21-F28 since no command station defined
27,717 [main] ERROR jmrix.AbstractThrottle.sendFunctionGroup5() - Can't send F21-F28 since no command station defined
27,718 [main] ERROR jmrix.AbstractThrottle.sendFunctionGroup5() - Can't send F21-F28 since no command station defined
27,719 [main] ERROR jmrix.AbstractThrottle.sendFunctionGroup5() - Can't send F21-F28 since no command station defined
27,720 [main] ERROR jmrix.AbstractThrottle.sendFunctionGroup5() - Can't send F21-F28 since no command station defined
27,721 [main] ERROR jmrix.AbstractThrottle.sendFunctionGroup5() - Can't send F21-F28 since no command station defined
27,722 [main] ERROR jmrix.AbstractThrottle.sendFunctionGroup5() - Can't send F21-F28 since no command station defined
27,726 [main] WARN  jmrix.AbstractThrottle.dispatch() - dispatch called without knowing the original throttle listener
28,367 [main] ERROR managers.AbstractTurnoutManager.newTurnout() - Invalid system name for turnout: PT needed PT
28,479 [main] ERROR jmrix.AbstractThrottle.notifyPropertyChangeListener() - notifyPropertyChangeListener without change
28,482 [main] WARN  jmrix.AbstractThrottle.dispose() - Dispose called without knowing the original throttle listener
28,513 [main] ERROR jmrix.AbstractThrottle.sendFunctionGroup4() - Can't send F13-F20 since no command station defined
28,515 [main] ERROR jmrix.AbstractThrottle.sendFunctionGroup5() - Can't send F21-F28 since no command station defined
28,521 [main] WARN  jmrix.AbstractThrottle.release() - Release called without knowing the original throttle listener
28,563 [main] ERROR jmrix.AbstractThrottle.sendFunctionGroup4() - Can't send F13-F20 since no command station defined
28,564 [main] ERROR jmrix.AbstractThrottle.sendFunctionGroup4() - Can't send F13-F20 since no command station defined
28,566 [main] ERROR jmrix.AbstractThrottle.sendFunctionGroup4() - Can't send F13-F20 since no command station defined
28,567 [main] ERROR jmrix.AbstractThrottle.sendFunctionGroup4() - Can't send F13-F20 since no command station defined
28,568 [main] ERROR jmrix.AbstractThrottle.sendFunctionGroup4() - Can't send F13-F20 since no command station defined
28,570 [main] ERROR jmrix.AbstractThrottle.sendFunctionGroup4() - Can't send F13-F20 since no command station defined
28,571 [main] ERROR jmrix.AbstractThrottle.sendFunctionGroup4() - Can't send F13-F20 since no command station defined
28,572 [main] ERROR jmrix.AbstractThrottle.sendFunctionGroup4() - Can't send F13-F20 since no command station defined
28,574 [main] ERROR jmrix.AbstractThrottle.sendFunctionGroup5() - Can't send F21-F28 since no command station defined
28,575 [main] ERROR jmrix.AbstractThrottle.sendFunctionGroup5() - Can't send F21-F28 since no command station defined
28,576 [main] ERROR jmrix.AbstractThrottle.sendFunctionGroup5() - Can't send F21-F28 since no command station defined
28,578 [main] ERROR jmrix.AbstractThrottle.sendFunctionGroup5() - Can't send F21-F28 since no command station defined
28,579 [main] ERROR jmrix.AbstractThrottle.sendFunctionGroup5() - Can't send F21-F28 since no command station defined
28,581 [main] ERROR jmrix.AbstractThrottle.sendFunctionGroup5() - Can't send F21-F28 since no command station defined
28,582 [main] ERROR jmrix.AbstractThrottle.sendFunctionGroup5() - Can't send F21-F28 since no command station defined
28,584 [main] ERROR jmrix.AbstractThrottle.sendFunctionGroup5() - Can't send F21-F28 since no command station defined
28,588 [main] WARN  jmrix.AbstractThrottle.dispatch() - dispatch called without knowing the original throttle listener
28,840 [main] ERROR jmrix.AbstractThrottle.notifyPropertyChangeListener() - notifyPropertyChangeListener without change
28,845 [main] WARN  jmrix.AbstractThrottle.dispose() - Dispose called without knowing the original throttle listener
28,902 [main] WARN  jmrix.AbstractThrottle.release() - Release called without knowing the original throttle listener
28,966 [main] WARN  jmrix.AbstractThrottle.dispatch() - dispatch called without knowing the original throttle listener
30,752 [main] ERROR jmrix.AbstractThrottle.notifyPropertyChangeListener() - notifyPropertyChangeListener without change
30,755 [main] WARN  jmrix.AbstractThrottle.dispose() - Dispose called without knowing the original throttle listener
30,787 [main] WARN  jmrix.AbstractThrottle.release() - Release called without knowing the original throttle listener
30,829 [main] WARN  jmrix.AbstractThrottle.dispatch() - dispatch called without knowing the original throttle listener
30,879 [main] ERROR managers.AbstractTurnoutManager.newTurnout() - Invalid system name for turnout: TT needed TT
32,197 [main] ERROR managers.AbstractTurnoutManager.newTurnout() - Invalid system name for turnout: XT needed XT
32,335 [main] WARN  maple.SerialAddress.makeSystemName() - illegal address range proposed for system name - 0
32,335 [main] WARN  maple.SerialAddress.makeSystemName() - illegal address range proposed for system name - 9990
32,335 [main] ERROR maple.SerialAddress.makeSystemName() - illegal type character proposed for system name - R
32,339 [main] WARN  maple.SerialAddress.validSystemNameFormat() - missing numerical node address in system name: KL
32,340 [main] ERROR maple.SerialAddress.validSystemNameFormat() - invalid character in header field of system name: KY2005
32,340 [main] WARN  maple.SerialAddress.validSystemNameFormat() - node address field out of range in system name - KL0
32,340 [main] WARN  maple.SerialAddress.getBitFromSystemName() - invalid character in number field of system name: KL2oo5
32,340 [main] WARN  maple.SerialAddress.validSystemNameFormat() - node address field out of range in system name - KL2oo5
32,341 [main] WARN  maple.SerialAddress.validSystemNameConfig() - Maple hardware address out of range in system name: KL1049
32,342 [main] WARN  maple.SerialAddress.validSystemNameConfig() - Maple hardware address out of range in system name: KS41
32,342 [main] WARN  maple.SerialAddress.validSystemNameFormat() - node address field out of range in system name - KS0
32,342 [main] WARN  maple.SerialAddress.validSystemNameConfig() - Maple hardware address out of range in system name: KT202
32,342 [main] WARN  maple.SerialAddress.validSystemNameConfig() - Maple hardware address out of range in system name: KT4129
32,343 [main] WARN  maple.SerialAddress.validSystemNameFormat() - node address field out of range in system name - KL12007
32,344 [main] WARN  maple.SerialAddress.getBitFromSystemName() - invalid character in number field of system name: KL29O9
32,359 [main] ERROR managers.AbstractTurnoutManager.newTurnout() - Invalid system name for turnout: KT needed KT
32,449 [main] ERROR managers.AbstractTurnoutManager.newTurnout() - Invalid system name for turnout: PIT needed PIT
32,557 [main] ERROR managers.AbstractTurnoutManager.newTurnout() - Invalid system name for turnout: BT needed BT
35,158 [main] ERROR jmrix.AbstractThrottle.notifyPropertyChangeListener() - notifyPropertyChangeListener without change
35,160 [main] WARN  jmrix.AbstractThrottle.dispose() - Dispose called without knowing the original throttle listener
35,231 [main] WARN  jmrix.AbstractThrottle.release() - Release called without knowing the original throttle listener
35,274 [main] WARN  jmrix.AbstractThrottle.dispatch() - dispatch called without knowing the original throttle listener
35,646 [main] ERROR managers.AbstractTurnoutManager.newTurnout() - Invalid system name for turnout: CT needed CT
35,716 [main] WARN  cmri.CMRISystemConnectionMemo.getNodeAddressFromSystemName() - no node address before 'B' in CMRI system name: K2LB7
35,716 [main] ERROR cmri.CMRISystemConnectionMemo.getNodeAddressFromSystemName() - invalid character in header field of system name: K2R7
35,718 [main] WARN  cmri.CMRISystemConnectionMemo.makeSystemName() - invalid bit number proposed for system name
35,718 [main] WARN  cmri.CMRISystemConnectionMemo.makeSystemName() - invalid node address proposed for system name
35,718 [main] ERROR cmri.CMRISystemConnectionMemo.makeSystemName() - invalid type character proposed for system name
35,722 [main] WARN  cmri.CMRISystemConnectionMemo.isInputBitFree() - invalid bit number in free bit test
35,722 [main] WARN  cmri.CMRISystemConnectionMemo.isInputBitFree() - invalid node address in free bit test
35,726 [main] WARN  cmri.CMRISystemConnectionMemo.isOutputBitFree() - invalid bit number in free bit test
35,727 [main] WARN  cmri.CMRISystemConnectionMemo.isOutputBitFree() - invalid node address in free bit test
35,735 [main] WARN  cmri.CMRISystemConnectionMemo.getNodeAddressFromSystemName() - no node address before 'B' in CMRI system name: CLB7
35,735 [main] ERROR cmri.CMRISystemConnectionMemo.getNodeAddressFromSystemName() - invalid character in header field of system name: CR7
35,737 [main] ERROR cmri.CMRISystemConnectionMemo.validSystemNameFormat() - invalid type character in CMRI system name: CY2005
35,737 [main] ERROR cmri.CMRISystemConnectionMemo.validSystemNameFormat() - invalid type character in CMRI system name: CY2B5
35,741 [main] WARN  cmri.CMRISystemConnectionMemo.makeSystemName() - invalid bit number proposed for system name
35,741 [main] WARN  cmri.CMRISystemConnectionMemo.makeSystemName() - invalid node address proposed for system name
35,741 [main] ERROR cmri.CMRISystemConnectionMemo.makeSystemName() - invalid type character proposed for system name
35,784 [main] WARN  cmri.CMRISystemConnectionMemo.makeSystemName() - invalid bit number proposed for system name
35,785 [main] WARN  cmri.CMRISystemConnectionMemo.makeSystemName() - invalid node address proposed for system name
35,785 [main] ERROR cmri.CMRISystemConnectionMemo.makeSystemName() - invalid type character proposed for system name
35,788 [main] WARN  cmri.CMRISystemConnectionMemo.isInputBitFree() - invalid bit number in free bit test
35,788 [main] WARN  cmri.CMRISystemConnectionMemo.isInputBitFree() - invalid node address in free bit test
35,792 [main] WARN  cmri.CMRISystemConnectionMemo.isOutputBitFree() - invalid bit number in free bit test
35,792 [main] WARN  cmri.CMRISystemConnectionMemo.isOutputBitFree() - invalid node address in free bit test
35,797 [main] WARN  cmri.CMRISystemConnectionMemo.getNodeAddressFromSystemName() - no node address before 'B' in CMRI system name: CLB7
35,798 [main] ERROR cmri.CMRISystemConnectionMemo.getNodeAddressFromSystemName() - invalid character in header field of system name: CR7
35,800 [main] ERROR cmri.CMRISystemConnectionMemo.validSystemNameFormat() - invalid type character in CMRI system name: CY2005
35,800 [main] ERROR cmri.CMRISystemConnectionMemo.validSystemNameFormat() - invalid type character in CMRI system name: CY2B5
35,954 [main] ERROR managers.AbstractTurnoutManager.newTurnout() - Invalid system name for turnout: AT needed AT
36,051 [main] ERROR acela.AcelaSignalHead.<init>() - Can't find new Acela Signal with name 'AH1'
36,052 [main] ERROR acela.AcelaSignalHead.<init>() - Can't find new Acela Signal with name 'AH1'
36,308 [main] ERROR jmrix.AbstractThrottle.notifyPropertyChangeListener() - notifyPropertyChangeListener without change
36,310 [main] WARN  jmrix.AbstractThrottle.dispose() - Dispose called without knowing the original throttle listener
36,343 [main] WARN  jmrix.AbstractThrottle.release() - Release called without knowing the original throttle listener
36,388 [main] WARN  jmrix.AbstractThrottle.dispatch() - dispatch called without knowing the original throttle listener
36,504 [main] ERROR jmrix.AbstractThrottle.notifyPropertyChangeListener() - notifyPropertyChangeListener without change
36,506 [main] WARN  jmrix.AbstractThrottle.dispose() - Dispose called without knowing the original throttle listener
36,525 [main] ERROR jmrix.AbstractThrottle.sendFunctionGroup4() - Can't send F13-F20 since no command station defined
36,526 [main] ERROR jmrix.AbstractThrottle.sendFunctionGroup5() - Can't send F21-F28 since no command station defined
36,530 [main] WARN  jmrix.AbstractThrottle.release() - Release called without knowing the original throttle listener
36,556 [main] ERROR jmrix.AbstractThrottle.sendFunctionGroup4() - Can't send F13-F20 since no command station defined
36,557 [main] ERROR jmrix.AbstractThrottle.sendFunctionGroup4() - Can't send F13-F20 since no command station defined
36,558 [main] ERROR jmrix.AbstractThrottle.sendFunctionGroup4() - Can't send F13-F20 since no command station defined
36,560 [main] ERROR jmrix.AbstractThrottle.sendFunctionGroup4() - Can't send F13-F20 since no command station defined
36,560 [main] ERROR jmrix.AbstractThrottle.sendFunctionGroup4() - Can't send F13-F20 since no command station defined
36,561 [main] ERROR jmrix.AbstractThrottle.sendFunctionGroup4() - Can't send F13-F20 since no command station defined
36,562 [main] ERROR jmrix.AbstractThrottle.sendFunctionGroup4() - Can't send F13-F20 since no command station defined
36,563 [main] ERROR jmrix.AbstractThrottle.sendFunctionGroup4() - Can't send F13-F20 since no command station defined
36,564 [main] ERROR jmrix.AbstractThrottle.sendFunctionGroup5() - Can't send F21-F28 since no command station defined
36,565 [main] ERROR jmrix.AbstractThrottle.sendFunctionGroup5() - Can't send F21-F28 since no command station defined
36,566 [main] ERROR jmrix.AbstractThrottle.sendFunctionGroup5() - Can't send F21-F28 since no command station defined
36,567 [main] ERROR jmrix.AbstractThrottle.sendFunctionGroup5() - Can't send F21-F28 since no command station defined
36,568 [main] ERROR jmrix.AbstractThrottle.sendFunctionGroup5() - Can't send F21-F28 since no command station defined
36,569 [main] ERROR jmrix.AbstractThrottle.sendFunctionGroup5() - Can't send F21-F28 since no command station defined
36,570 [main] ERROR jmrix.AbstractThrottle.sendFunctionGroup5() - Can't send F21-F28 since no command station defined
36,571 [main] ERROR jmrix.AbstractThrottle.sendFunctionGroup5() - Can't send F21-F28 since no command station defined
36,573 [main] WARN  jmrix.AbstractThrottle.dispatch() - dispatch called without knowing the original throttle listener
36,827 [main] ERROR managers.AbstractTurnoutManager.newTurnout() - Invalid system name for turnout: ST needed ST
36,955 [main] ERROR jmrix.AbstractThrottle.notifyPropertyChangeListener() - notifyPropertyChangeListener without change
36,957 [main] WARN  jmrix.AbstractThrottle.dispose() - Dispose called without knowing the original throttle listener
36,986 [main] WARN  jmrix.AbstractThrottle.release() - Release called without knowing the original throttle listener
37,025 [main] WARN  jmrix.AbstractThrottle.dispatch() - dispatch called without knowing the original throttle listener
37,250 [main] ERROR jmrix.AbstractThrottle.notifyPropertyChangeListener() - notifyPropertyChangeListener without change
37,252 [main] WARN  jmrix.AbstractThrottle.dispose() - Dispose called without knowing the original throttle listener
37,280 [main] WARN  jmrix.AbstractThrottle.release() - Release called without knowing the original throttle listener
37,321 [main] WARN  jmrix.AbstractThrottle.dispatch() - dispatch called without knowing the original throttle listener
37,624 [main] ERROR jmrix.AbstractThrottle.sendFunctionGroup1() - sendFunctionGroup1 needs to be implemented if invoked
37,625 [main] ERROR jmrix.AbstractThrottle.sendFunctionGroup1() - sendFunctionGroup1 needs to be implemented if invoked
37,627 [main] ERROR jmrix.AbstractThrottle.sendFunctionGroup1() - sendFunctionGroup1 needs to be implemented if invoked
37,628 [main] ERROR jmrix.AbstractThrottle.sendFunctionGroup1() - sendFunctionGroup1 needs to be implemented if invoked
37,630 [main] ERROR jmrix.AbstractThrottle.sendFunctionGroup1() - sendFunctionGroup1 needs to be implemented if invoked
37,631 [main] ERROR jmrix.AbstractThrottle.sendFunctionGroup2() - sendFunctionGroup2 needs to be implemented if invoked
37,633 [main] ERROR jmrix.AbstractThrottle.sendFunctionGroup2() - sendFunctionGroup2 needs to be implemented if invoked
37,634 [main] ERROR jmrix.AbstractThrottle.sendFunctionGroup2() - sendFunctionGroup2 needs to be implemented if invoked
37,636 [main] ERROR jmrix.AbstractThrottle.sendFunctionGroup2() - sendFunctionGroup2 needs to be implemented if invoked
37,637 [main] ERROR jmrix.AbstractThrottle.sendFunctionGroup3() - sendFunctionGroup3 needs to be implemented if invoked
37,658 [main] ERROR jmrix.AbstractThrottle.notifyPropertyChangeListener() - notifyPropertyChangeListener without change
37,660 [main] WARN  jmrix.AbstractThrottle.dispose() - Dispose called without knowing the original throttle listener
37,687 [main] ERROR jmrix.AbstractThrottle.sendFunctionGroup1() - sendFunctionGroup1 needs to be implemented if invoked
37,689 [main] ERROR jmrix.AbstractThrottle.sendFunctionGroup2() - sendFunctionGroup2 needs to be implemented if invoked
37,690 [main] ERROR jmrix.AbstractThrottle.sendFunctionGroup3() - sendFunctionGroup3 needs to be implemented if invoked
37,691 [main] ERROR jmrix.AbstractThrottle.sendFunctionGroup4() - Can't send F13-F20 since no command station defined
37,693 [main] ERROR jmrix.AbstractThrottle.sendFunctionGroup5() - Can't send F21-F28 since no command station defined
37,698 [main] WARN  jmrix.AbstractThrottle.release() - Release called without knowing the original throttle listener
37,731 [main] ERROR jmrix.AbstractThrottle.sendFunctionGroup3() - sendFunctionGroup3 needs to be implemented if invoked
37,732 [main] ERROR jmrix.AbstractThrottle.sendFunctionGroup3() - sendFunctionGroup3 needs to be implemented if invoked
37,732 [main] ERROR jmrix.AbstractThrottle.sendFunctionGroup3() - sendFunctionGroup3 needs to be implemented if invoked
37,733 [main] ERROR jmrix.AbstractThrottle.sendFunctionGroup4() - Can't send F13-F20 since no command station defined
37,734 [main] ERROR jmrix.AbstractThrottle.sendFunctionGroup4() - Can't send F13-F20 since no command station defined
37,735 [main] ERROR jmrix.AbstractThrottle.sendFunctionGroup4() - Can't send F13-F20 since no command station defined
37,736 [main] ERROR jmrix.AbstractThrottle.sendFunctionGroup4() - Can't send F13-F20 since no command station defined
37,737 [main] ERROR jmrix.AbstractThrottle.sendFunctionGroup4() - Can't send F13-F20 since no command station defined
37,738 [main] ERROR jmrix.AbstractThrottle.sendFunctionGroup4() - Can't send F13-F20 since no command station defined
37,739 [main] ERROR jmrix.AbstractThrottle.sendFunctionGroup4() - Can't send F13-F20 since no command station defined
37,739 [main] ERROR jmrix.AbstractThrottle.sendFunctionGroup4() - Can't send F13-F20 since no command station defined
37,740 [main] ERROR jmrix.AbstractThrottle.sendFunctionGroup5() - Can't send F21-F28 since no command station defined
37,741 [main] ERROR jmrix.AbstractThrottle.sendFunctionGroup5() - Can't send F21-F28 since no command station defined
37,742 [main] ERROR jmrix.AbstractThrottle.sendFunctionGroup5() - Can't send F21-F28 since no command station defined
37,743 [main] ERROR jmrix.AbstractThrottle.sendFunctionGroup5() - Can't send F21-F28 since no command station defined
37,744 [main] ERROR jmrix.AbstractThrottle.sendFunctionGroup5() - Can't send F21-F28 since no command station defined
37,745 [main] ERROR jmrix.AbstractThrottle.sendFunctionGroup5() - Can't send F21-F28 since no command station defined
37,747 [main] ERROR jmrix.AbstractThrottle.sendFunctionGroup5() - Can't send F21-F28 since no command station defined
37,748 [main] ERROR jmrix.AbstractThrottle.sendFunctionGroup5() - Can't send F21-F28 since no command station defined
37,752 [main] WARN  jmrix.AbstractThrottle.dispatch() - dispatch called without knowing the original throttle listener
38,536 [main] ERROR managers.AbstractReporterManager.newReporter() - Invalid system name for reporter: DR needed DR
38,589 [main] ERROR managers.AbstractReporterManager.newReporter() - Invalid system name for reporter: IR needed IR
38,613 [main] ERROR managers.AbstractTurnoutManager.newTurnout() - Invalid system name for turnout: IT needed IT
38,694 [main] WARN  mqtt.MqttAdapter.warnOnce() - Trying to subscribe before connect/configure is done
39,193 [main] WARN  jmrix.AbstractProgrammer.registerFromCV() - Unhandled register from cv: 5
39,194 [main] WARN  jmrix.AbstractProgrammer.registerFromCV() - Unhandled register from cv: 6
39,194 [main] WARN  jmrix.AbstractProgrammer.registerFromCV() - Unhandled register from cv: 9
39,194 [main] WARN  jmrix.AbstractProgrammer.registerFromCV() - Unhandled register from cv: 10
39,194 [main] WARN  jmrix.AbstractProgrammer.registerFromCV() - Unhandled register from cv: 11
39,194 [main] WARN  jmrix.AbstractProgrammer.registerFromCV() - Unhandled register from cv: 12
39,194 [main] WARN  jmrix.AbstractProgrammer.registerFromCV() - Unhandled register from cv: 13
39,194 [main] WARN  jmrix.AbstractProgrammer.registerFromCV() - Unhandled register from cv: 14
39,194 [main] WARN  jmrix.AbstractProgrammer.registerFromCV() - Unhandled register from cv: 15
39,194 [main] WARN  jmrix.AbstractProgrammer.registerFromCV() - Unhandled register from cv: 16
39,195 [main] WARN  jmrix.AbstractProgrammer.registerFromCV() - Unhandled register from cv: 17
39,195 [main] WARN  jmrix.AbstractProgrammer.registerFromCV() - Unhandled register from cv: 18
39,195 [main] WARN  jmrix.AbstractProgrammer.registerFromCV() - Unhandled register from cv: 19
39,195 [main] WARN  jmrix.AbstractProgrammer.registerFromCV() - Unhandled register from cv: 20
39,195 [main] WARN  jmrix.AbstractProgrammer.registerFromCV() - Unhandled register from cv: 21
39,195 [main] WARN  jmrix.AbstractProgrammer.registerFromCV() - Unhandled register from cv: 22
39,195 [main] WARN  jmrix.AbstractProgrammer.registerFromCV() - Unhandled register from cv: 23
39,195 [main] WARN  jmrix.AbstractProgrammer.registerFromCV() - Unhandled register from cv: 24
39,195 [main] WARN  jmrix.AbstractProgrammer.registerFromCV() - Unhandled register from cv: 25
39,196 [main] WARN  jmrix.AbstractProgrammer.registerFromCV() - Unhandled register from cv: 26
39,196 [main] WARN  jmrix.AbstractProgrammer.registerFromCV() - Unhandled register from cv: 27
39,196 [main] WARN  jmrix.AbstractProgrammer.registerFromCV() - Unhandled register from cv: 28
40,470 [main] WARN  roster.RosterEntry.setDateUpdated() - Unable to parse "unparseable date" as a date in roster entry "test Id".
40,878 [main] ERROR automat.Siglet.start() - Siglet start invoked for "foo", but no inputs provided
40,902 [main] ERROR automat.Siglet.start() - Siglet start invoked (without a name), but no inputs provided
40,948 [AbstractAutomatonTest$8] WARN  automat.AbstractAutomaton.waitChange() - Precheck ignored because of mismatch in bean 0
41,324 [testRouteElementComparator] WARN  beantable.LRouteTableAction.<init>() - Unexpected type 0 in RouteElement constructor
41,324 [testRouteElementComparator] WARN  beantable.LRouteTableAction.<init>() - Unexpected type 0 in RouteElement constructor
45,505 [main] WARN  audio.NullAudioFactory.init() - Initialised Null audio system - no sounds will be available.
55,642 [main] ERROR symbolicprog.VariableTableModel.valueOfExistsLogic() - Arithmetic EQ operation when watched value doesn't exist
07,763 [main] ERROR symbolicprog.VariableTableModel.valueOfExistsLogic() - Arithmetic EQ operation when watched value doesn't exist
07,903 [main] WARN  symbolicprog.CsvImporter.<init>() - CV CV1 was in import file, but not defined by the decoder definition
07,904 [main] WARN  symbolicprog.CsvImporter.<init>() - CV CV2 was in import file, but not defined by the decoder definition
09,324 [main] ERROR symbolicprog.VariableTableModel.valueOfExistsLogic() - Arithmetic EQ operation when watched value doesn't exist
16,859 [main] WARN  symbolicprog.QuantumCvMgrImporter.<init>() - Adding CV 1 description "", which was in import file but not defined by the decoder definition
16,860 [main] WARN  symbolicprog.QuantumCvMgrImporter.<init>() - Adding CV 2 description "", which was in import file but not defined by the decoder definition
20,839 [main] ERROR symbolicprog.VariableTableModel.valueOfExistsLogic() - Arithmetic EQ operation when watched value doesn't exist
56,039 [main] ERROR trains.TrainBuilder.checkScheduleItem() - Schedule item (1c2) random value (A) isn't a number
13,125 [main] WARN  setup.BackupBase.copyBackupSet() - Only 1 file(s) found in directory /root/workspace/JMRI/JMRI/390512837/temp/operations/JUnitTest
17,395 [main] ERROR cars.Car.<init>() - Kernel TESTKERNEL does not exist
20,231 [main] ERROR rollingstock.RollingStock.getLengthInteger() - Rolling stock (TESTROAD TESTNUMBER1) length () is not valid 
20,336 [main] ERROR rollingstock.RollingStock.setRfid() - Tag 12345 Not Found
24,789 [main] WARN  node.NodeIdentity.copyFormerIdentity() - Unable to copy from a former identity; no former identities found.
37,853 [main] WARN  node.NodeIdentity.copyFormerIdentity() - Unable to copy from a former identity; no former identities found.
38,859 [main] WARN  logix.OBlock.addPath() - Path "path2" already in block OB2, cannot be added to block OB1
38,871 [main] WARN  logix.OBlock.addPortal() - Portal "Doop" between OBlocks "null" and "null" not in block OB0
38,871 [main] WARN  logix.OBlock.addPortal() - Portal "barp" between OBlocks "null" and "null" not in block OB0
38,882 [main] WARN  logix.OBlock.addPath() - Path "path_1" already in block OB2, cannot be added to block OB1
38,882 [main] WARN  logix.Portal.addPath() - Path "path_3" is duplicate of path "path_2" in Portal "portal_3" from block OB1.
38,883 [main] WARN  logix.Portal.addPath() - Path "path_2" is duplicate name for another path in Portal "portal_3" from block OB1.
40,006 [main] ERROR ussctc.SignalHeadSection.getCurrentIndication() - Found both left and right clear: SignalHeadSection ["IH1", "IH2"],["IH3", "IH4"]
40,044 [main] ERROR ussctc.SignalHeadSection.getCurrentIndication() - Found both left and right clear: SignalHeadSection ["IH1", "IH2"],["IH3", "IH4"]
40,076 [main] ERROR ussctc.SignalHeadSection.getCurrentIndication() - Found both left and right clear: SignalHeadSection ["IH1", "IH2"],["IH3", "IH4"]
40,098 [main] WARN  ussctc.SignalHeadSection.getCurrentIndication() - Found left at restricting and right clear: SignalHeadSection ["IH1", "IH2"],["IH3", "IH4"]
40,123 [main] WARN  ussctc.SignalHeadSection.getCurrentIndication() - Found left clear and right at restricting: SignalHeadSection ["IH1", "IH2"],["IH3", "IH4"]
40,178 [main] WARN  ussctc.SignalHeadSection.getCurrentIndication() - Found left clear and right at restricting: SignalHeadSection ["IH1", "IH2"],["IH3", "IH4"]
40,185 [main] WARN  ussctc.SignalHeadSection.getCurrentIndication() - Found left clear and right at restricting: SignalHeadSection ["IH1", "IH2"],["IH3", "IH4"]
40,860 [main] WARN  blockboss.BlockBossLogic.<init>() - Signal Head "null" was not found
40,996 [main] ERROR configurexml.BlockBossLogicXml.load() - Ignoring a <signalelement> element with no signal attribute value
41,000 [main] ERROR configurexml.BlockBossLogicXml.load() - SignalHead IH1 not defined, <signalelement> element referring to it is ignored
56,753 [main] ERROR withrottle.DeviceServer.<init>() - Stream creation failed (DeviceServer)
29,567 [main] ERROR implementation.DccConsist.setConsistType() - Consist Type Not Supported
29,597 [main] ERROR withrottle.DeviceServer.<init>() - Stream creation failed (DeviceServer)
00,567 [main] ERROR withrottle.DeviceServer.<init>() - Stream creation failed (DeviceServer)
01,459 [main] ERROR jmrit.MemoryContents.readHex() - No EOF Record found in file - aborting.
01,462 [main] ERROR jmrit.MemoryContents.readHex() - Record checksum error in line 29 - computed checksum = 0x1f, expected checksum = 0x1e.
01,477 [main] ERROR jmrit.MemoryContents.readHex() - No Data Records found in file - aborting.
01,478 [main] ERROR jmrit.MemoryContents.readHex() - Unsupported Extended Segment Address Record data value 0x1000 in line 3
01,480 [main] ERROR jmrit.MemoryContents.readHex() - Data crosses boundary which could lead to  mis-interpretation.  Aborting read at line :02FFFF000102FD
01,481 [main] ERROR jmrit.MemoryContents.readHex() - Data record line length is incorrect for inferred addressing type and for data count field in line 7
01,485 [main] ERROR jmrit.MemoryContents.getLocation() - Error in getLocation(0x9ffff): accessed uninitialized page 9
01,486 [main] ERROR jmrit.MemoryContents.readHex() - Data record line length is incorrect for inferred addressing type and for data count field in line 10
01,490 [main] ERROR jmrit.MemoryContents.readHex() - Unknown RECTYP 0x3 was found in line 16.  Aborting file read.
01,491 [main] ERROR jmrit.MemoryContents.readHex() - Unsupported Extended Segment Address Record data value 0x1000 in line 2
01,492 [main] ERROR jmrit.MemoryContents.readHex() - Data crosses boundary which could lead to  mis-interpretation.  Aborting read at line :0201FFFF000709EF
26,881 [main] ERROR usb.UsbUtil.getFullProductName() - Unable to read data from Mock for UsbDevice, hashCode: 963656593
javax.usb.UsbException
26,933 [main] WARN  node.NodeIdentity.copyFormerIdentity() - Unable to copy from a former identity; no former identities found.
26,941 [main] WARN  node.NodeIdentity.copyFormerIdentity() - Unable to copy from a former identity; no former identities found.
27,263 [main] ERROR util.ColorUtil.colorToString() - unknown color sent to colorToString
27,263 [main] ERROR util.ColorUtil.stringToColor() - unknown color text 'other' sent to stringToColor
27,700 [main] WARN  util.Log4JUtilTest.testLog4JWarnMessage() - WARN message
27,700 [main] WARN  util.Log4JUtilTest.warnOnce() - WARN message
27,700 [main] WARN  Log4JUtilTest-extra-logger.warnOnce() - WARN message
27,700 [main] WARN  util.Log4JUtilTest.warnOnce() - WARN message 2
27,701 [main] WARN  util.Log4JUtilTest.testSendJavaUtilLogInfoMessage() - j.u.l WARNING message
27,701 [main] WARN  util.Log4JUtilTest.warnOnce() - Test A B
32,478 [Uncaught Exception Handler Test Thread] ERROR exceptionhandler.UncaughtExceptionHandler.uncaughtException() - Uncaught Exception caught by jmri.util.exceptionhandler.UncaughtExceptionHandler
java.lang.NullPointerException
	at jmri.util.exceptionhandler.UncaughtExceptionHandlerTest.lambda$testThread$0(UncaughtExceptionHandlerTest.java:26)
	at java.lang.Thread.run(Thread.java:745)
56,032 [main] ERROR util.JUnitAppenderTest.testCheckForMessageStartInfo() - Dummy
56,033 [main] INFO  util.JUnitAppenderTest.testCheckForMessageStartInfo() - Message for testing to find foo
56,033 [main] INFO  util.JUnitAppenderTest.testCheckForMessageStartInfo() - Message for testing to find
56,033 [main] ERROR util.JUnitAppenderTest.testCheckForMessageStartWarn() - Dummy
56,033 [main] WARN  util.JUnitAppenderTest.testCheckForMessageStartWarn() - Message for testing to find foo
56,033 [main] WARN  util.JUnitAppenderTest.testCheckForMessageStartWarn() - Message for testing to find
56,034 [main] WARN  util.JUnitAppenderTest.testExpectedWarnMessage() - Message for testing
56,035 [main] ERROR util.JUnitAppenderTest.testExpectedErrorMessage() - Message for testing
56,035 [main] INFO  util.JUnitAppenderTest.testClearBacklogDefaultInfo() - info message
56,036 [main] WARN  util.JUnitAppenderTest.testClearBacklogDefaultWarn() - warn message
56,037 [main] INFO  util.JUnitAppenderTest.testExpectedMessageAsInfo() - Message for testing
56,037 [main] WARN  util.JUnitAppenderTest.testExpectedMessageAsWarn() - Message for testing
56,038 [main] ERROR util.JUnitAppenderTest.testExpectedMessageAsError() - Message for testing
56,039 [main] INFO  util.JUnitAppenderTest.testClearBacklogDefaultMultiple() - info 1
56,039 [main] WARN  util.JUnitAppenderTest.testClearBacklogDefaultMultiple() - warn 1
56,039 [main] INFO  util.JUnitAppenderTest.testClearBacklogDefaultMultiple() - info 2
56,040 [main] INFO  util.JUnitAppenderTest.testIgnoreLowerBeforeExpectedWarnMessage() - this is an INFO, should still pass
56,040 [main] WARN  util.JUnitAppenderTest.testIgnoreLowerBeforeExpectedWarnMessage() - Message for testing
56,041 [main] INFO  util.JUnitAppenderTest.testClearBacklogAtInfoWithInfo() - info message
56,041 [main] WARN  util.JUnitAppenderTest.testClearBacklogAtInfoWithWarn() - warn message
56,042 [main] ERROR util.JUnitAppenderTest.testCheckForMessageError() - Dummy
56,042 [main] ERROR util.JUnitAppenderTest.testCheckForMessageError() - Message for testing to find
56,043 [main] WARN  util.JUnitAppenderTest.testUnexpectedCheck() - Expected WARN message for testing
56,043 [main] INFO  util.JUnitAppenderTest.testUnexpectedCheck() - This INFO message was emitted to test the entire logging chain, please don't remove
56,043 [main] ERROR util.JUnitAppenderTest.testCheckForMessageStartError() - Dummy
56,043 [main] ERROR util.JUnitAppenderTest.testCheckForMessageStartError() - Message for testing to find foo
56,044 [main] WARN  util.JUnitAppenderTest.testCheckForMessageStartError() - Message for testing to find
56,044 [main] WARN  util.JUnitAppenderTest.testExpectedWarnAfterDebugMessage() - Message for testing
56,045 [main] ERROR util.JUnitAppenderTest.testClearBacklogDefaultError() - error message
56,045 [main] ERROR util.JUnitAppenderTest.testCheckForMessageInfo() - Dummy
56,046 [main] INFO  util.JUnitAppenderTest.testCheckForMessageInfo() - Message for testing to find
56,046 [main] ERROR util.JUnitAppenderTest.testCheckForMessageWarn() - Dummy
56,046 [main] WARN  util.JUnitAppenderTest.testCheckForMessageWarn() - Message for testing to find
08,464 [main] WARN  schema.JsonSchemaServiceCache.validateJsonNode() - Errors validating {"type":"hello"}
08,465 [main] WARN  schema.JsonSchemaServiceCache.lambda$validateJsonNode$0() - JSON Validation Error: 1028
	$.data: is missing but it is required
	$
	required
08,465 [main] WARN  schema.JsonSchemaServiceCache.lambda$validateJsonNode$0() - JSON Validation Error: 1008
	$.type: does not have a value in the enumeration [pong, goodbye]
	$.type
	enum
08,465 [main] WARN  schema.JsonSchemaServiceCache.lambda$validateJsonNode$0() - JSON Validation Error: 1029
	$: object found, array expected
	$
	type
49,767 [main] WARN  node.NodeIdentity.copyFormerIdentity() - Unable to copy from a former identity; no former identities found.
49,779 [main] WARN  json.JsonClientHandler.onMessage() - Requested type 'non-existant-type' unknown.
49,803 [main] WARN  json.JsonClientHandler.onMessage() - Exception processing "not a JSON object"
Unrecognized token 'not': was expecting 'null', 'true', 'false' or NaN
 at [Source: not a JSON object; line: 1, column: 4]
49,815 [main] WARN  json.JsonClientHandler.onMessage() - Requested list type 'non-existant-type' unknown.
53,388 [main] ERROR implementation.AbstractSignalMast.configureSignalSystemDefinition() - Did not find signal definition: notanaspect
53,752 [main] WARN  implementation.SignalHeadSignalMast.setAspect() - attempting to set invalid aspect: Not An Aspect, I Hope on mast: user
53,940 [main] ERROR implementation.RawTurnoutOperator.<init>() - No match against the command station for IT1, so will use the default
59,881 [main] ERROR implementation.DccConsist.setConsistType() - Consist Type Not Supported
59,889 [main] ERROR implementation.DccConsist.setConsistType() - Consist Type Not Supported
13,838 [main] ERROR parser.JmriServerParser.error_skipto() - Recovery after Parse Exception
13,921 [main] ERROR jmris.AbstractPowerServer.mgrOK() - No power manager instance found
13,954 [main] ERROR jmris.JmriServer.<init>() - Failed to connect to port 2048
13,956 [main] ERROR jmris.JmriServer.<init>() - Failed to connect to port 2048
14,740 [main] ERROR jmris.JmriServer.<init>() - Failed to connect to port 25520
33,886 [main] WARN  profile.ProfileManager.setActiveProfile() - Unable to set active profile. No profile with id NonExistantId could be found.
33,887 [main] ERROR profile.ProfileManager.setActiveProfile() - /tmp/junit3457883635619683798/non-profile is not a profile folder.
33,887 [main] WARN  profile.ProfileManager.setActiveProfile() - Unable to set active profile. No profile with id /tmp/junit3457883635619683798/non-profile could be found.
33,962 [main] WARN  node.NodeIdentity.copyFormerIdentity() - Unable to copy from a former identity; no former identities found.
37,871 [main] ERROR managers.AbstractTurnoutManager.newTurnout() - Invalid system name for turnout: IT needed IT
37,887 [main] ERROR managers.AbstractTurnoutManager.newTurnout() - Invalid system name for turnout: JT needed JT
37,905 [main] ERROR managers.AbstractReporterManager.newReporter() - Invalid system name for reporter: IR needed IR
38,601 [main] ERROR managers.AbstractReporterManager.newReporter() - Invalid system name for reporter: IR needed IR
38,631 [main] WARN  managers.JmriUserPreferencesManager.setClassDescription() - class name "non.existant.class" cannot be found, perhaps an expected plugin is missing?
38,640 [main] WARN  node.NodeIdentity.copyFormerIdentity() - Unable to copy from a former identity; no former identities found.
38,732 [main] WARN  node.NodeIdentity.copyFormerIdentity() - Unable to copy from a former identity; no former identities found.
39,044 [main] WARN  jmri.NamedBeanHandleManager.updateBeanFromUserToSystem() - updateBeanFromUserToSystem requires non-blank user name: "ISNO_USER_NAME" not renamed
39,115 [main] WARN  implementation.SignalSpeedMap.getSpeed() - attempting to get speed for invalid name: 'Faster'
40,471 [AWT-EventQueue-0] WARN  jmri.InstanceManagerTest.dispose() - dispose called 1
40,472 [AWT-EventQueue-0] WARN  jmri.InstanceManagerTest.dispose() - dispose called 2
40,473 [AWT-EventQueue-0] WARN  jmri.InstanceManagerTest.dispose() - dispose called 1
40,473 [AWT-EventQueue-0] WARN  jmri.InstanceManagerTest.dispose() - dispose called 2
40,477 [main] ERROR jmri.InstanceManager.getInstance() - Proceeding to initialize class jmri.InstanceManagerTest$AutoCreateCycle while already in initialization
java.lang.Exception: Thread "main"
	at jmri.InstanceManager.getInstance(InstanceManager.java:272)
	at jmri.InstanceManager.getNullableDefault(InstanceManager.java:230)
	at jmri.InstanceManager.getDefault(InstanceManager.java:201)
	at jmri.InstanceManagerTest$AutoCreateCycle.<init>(InstanceManagerTest.java:176)
	at sun.reflect.NativeConstructorAccessorImpl.newInstance0(Native Method)
	at sun.reflect.NativeConstructorAccessorImpl.newInstance(NativeConstructorAccessorImpl.java:62)
	at sun.reflect.DelegatingConstructorAccessorImpl.newInstance(DelegatingConstructorAccessorImpl.java:45)
	at java.lang.reflect.Constructor.newInstance(Constructor.java:423)
	at jmri.InstanceManager.getInstance(InstanceManager.java:285)
	at jmri.InstanceManager.getNullableDefault(InstanceManager.java:230)
	at jmri.InstanceManager.getDefault(InstanceManager.java:201)
	at jmri.InstanceManagerTest.testAutoCreateCycle(InstanceManagerTest.java:184)
	at sun.reflect.NativeMethodAccessorImpl.invoke0(Native Method)
	at sun.reflect.NativeMethodAccessorImpl.invoke(NativeMethodAccessorImpl.java:62)
	at sun.reflect.DelegatingMethodAccessorImpl.invoke(DelegatingMethodAccessorImpl.java:43)
	at java.lang.reflect.Method.invoke(Method.java:498)
	at org.junit.runners.model.FrameworkMethod$1.runReflectiveCall(FrameworkMethod.java:50)
	at org.junit.internal.runners.model.ReflectiveCallable.run(ReflectiveCallable.java:12)
	at org.junit.runners.model.FrameworkMethod.invokeExplosively(FrameworkMethod.java:47)
	at org.junit.internal.runners.statements.InvokeMethod.evaluate(InvokeMethod.java:17)
	at org.junit.internal.runners.statements.RunBefores.evaluate(RunBefores.java:26)
	at org.junit.internal.runners.statements.RunAfters.evaluate(RunAfters.java:27)
	at org.junit.runners.ParentRunner.runLeaf(ParentRunner.java:325)
	at org.junit.runners.BlockJUnit4ClassRunner.runChild(BlockJUnit4ClassRunner.java:78)
	at org.junit.runners.BlockJUnit4ClassRunner.runChild(BlockJUnit4ClassRunner.java:57)
	at org.junit.runners.ParentRunner$3.run(ParentRunner.java:290)
	at org.junit.runners.ParentRunner$1.schedule(ParentRunner.java:71)
	at org.junit.runners.ParentRunner.runChildren(ParentRunner.java:288)
	at org.junit.runners.ParentRunner.access$000(ParentRunner.java:58)
	at org.junit.runners.ParentRunner$2.evaluate(ParentRunner.java:268)
	at org.junit.runners.ParentRunner.run(ParentRunner.java:363)
	at org.apache.maven.surefire.junit4.JUnit4Provider.execute(JUnit4Provider.java:365)
	at org.apache.maven.surefire.junit4.JUnit4Provider.executeWithRerun(JUnit4Provider.java:272)
	at org.apache.maven.surefire.junit4.JUnit4Provider.executeTestSet(JUnit4Provider.java:236)
	at org.apache.maven.surefire.junit4.JUnit4Provider.invoke(JUnit4Provider.java:159)
	at org.apache.maven.surefire.booter.ForkedBooter.invokeProviderInSameClassLoader(ForkedBooter.java:386)
	at org.apache.maven.surefire.booter.ForkedBooter.runSuitesInProcess(ForkedBooter.java:323)
	at org.apache.maven.surefire.booter.ForkedBooter.main(ForkedBooter.java:143)
40,477 [main] ERROR jmri.InstanceManager.getInstance() -     Prior initialization:
java.lang.Exception: Thread main
	at jmri.InstanceManager.setInitializationState(InstanceManager.java:890)
	at jmri.InstanceManager.getInstance(InstanceManager.java:270)
	at jmri.InstanceManager.getNullableDefault(InstanceManager.java:230)
	at jmri.InstanceManager.getDefault(InstanceManager.java:201)
	at jmri.InstanceManagerTest.testAutoCreateCycle(InstanceManagerTest.java:184)
	at sun.reflect.NativeMethodAccessorImpl.invoke0(Native Method)
	at sun.reflect.NativeMethodAccessorImpl.invoke(NativeMethodAccessorImpl.java:62)
	at sun.reflect.DelegatingMethodAccessorImpl.invoke(DelegatingMethodAccessorImpl.java:43)
	at java.lang.reflect.Method.invoke(Method.java:498)
	at org.junit.runners.model.FrameworkMethod$1.runReflectiveCall(FrameworkMethod.java:50)
	at org.junit.internal.runners.model.ReflectiveCallable.run(ReflectiveCallable.java:12)
	at org.junit.runners.model.FrameworkMethod.invokeExplosively(FrameworkMethod.java:47)
	at org.junit.internal.runners.statements.InvokeMethod.evaluate(InvokeMethod.java:17)
	at org.junit.internal.runners.statements.RunBefores.evaluate(RunBefores.java:26)
	at org.junit.internal.runners.statements.RunAfters.evaluate(RunAfters.java:27)
	at org.junit.runners.ParentRunner.runLeaf(ParentRunner.java:325)
	at org.junit.runners.BlockJUnit4ClassRunner.runChild(BlockJUnit4ClassRunner.java:78)
	at org.junit.runners.BlockJUnit4ClassRunner.runChild(BlockJUnit4ClassRunner.java:57)
	at org.junit.runners.ParentRunner$3.run(ParentRunner.java:290)
	at org.junit.runners.ParentRunner$1.schedule(ParentRunner.java:71)
	at org.junit.runners.ParentRunner.runChildren(ParentRunner.java:288)
	at org.junit.runners.ParentRunner.access$000(ParentRunner.java:58)
	at org.junit.runners.ParentRunner$2.evaluate(ParentRunner.java:268)
	at org.junit.runners.ParentRunner.run(ParentRunner.java:363)
	at org.apache.maven.surefire.junit4.JUnit4Provider.execute(JUnit4Provider.java:365)
	at org.apache.maven.surefire.junit4.JUnit4Provider.executeWithRerun(JUnit4Provider.java:272)
	at org.apache.maven.surefire.junit4.JUnit4Provider.executeTestSet(JUnit4Provider.java:236)
	at org.apache.maven.surefire.junit4.JUnit4Provider.invoke(JUnit4Provider.java:159)
	at org.apache.maven.surefire.booter.ForkedBooter.invokeProviderInSameClassLoader(ForkedBooter.java:386)
	at org.apache.maven.surefire.booter.ForkedBooter.runSuitesInProcess(ForkedBooter.java:323)
	at org.apache.maven.surefire.booter.ForkedBooter.main(ForkedBooter.java:143)
40,533 [main] WARN  jmri.ApplicationTest.setApplication() - Unable to set application name java.lang.IllegalAccessException: Application name cannot be modified once set.
54,163 [main] ERROR jmri.NmraPacket.speedStep28Packet() - invalid speed -1
54,163 [main] ERROR jmri.NmraPacket.speedStep28Packet() - invalid speed 29
54,192 [main] ERROR jmri.NmraPacket.speedStep28Packet() - invalid speed -1
54,192 [main] ERROR jmri.NmraPacket.speedStep28Packet() - invalid speed 32
54,200 [main] ERROR jmri.NmraPacket.accDecoderPkt() - invalid address 0
54,312 [main] WARN  jmri.Section.addBlock() - Block IB1 does not have a user name, may not work correctly in Section TS1
